<?php return array (
  0 => 'Symfony\\Bundle\\FrameworkBundle\\Controller\\AbstractController',
  1 => 'App\\Controller\\Admin\\AdminController',
  2 => 'App\\Controller\\Admin\\CategoryController',
  3 => 'App\\Controller\\Admin\\CategoryCrudController',
  4 => 'App\\Controller\\Admin\\CommentController',
  5 => 'App\\Controller\\Admin\\HotelController',
  6 => 'App\\Controller\\Admin\\ImageController',
  7 => 'App\\Controller\\Admin\\MessagesController',
  8 => 'App\\Controller\\Admin\\ReservationController',
  9 => 'App\\Controller\\Admin\\RoomController',
  10 => 'App\\Controller\\Admin\\SettingController',
  11 => 'App\\Controller\\Admin\\UserController',
  12 => 'App\\Controller\\CategoryController',
  13 => 'App\\Controller\\HabitatController',
  14 => 'App\\Controller\\HomeController',
  15 => 'App\\Controller\\HotelController',
  16 => 'App\\Controller\\ImageController',
  17 => 'App\\Controller\\Register1Controller',
  18 => 'App\\Controller\\RegistrationController',
  19 => 'App\\Controller\\SecurityController',
  20 => 'App\\Controller\\UserController',
  21 => 'App\\Entity\\Admin\\Comment',
  22 => 'App\\Entity\\Admin\\Messages',
  23 => 'App\\Entity\\Admin\\Reservation',
  24 => 'App\\Entity\\Admin\\Room',
  25 => 'App\\Entity\\Category',
  26 => 'App\\Entity\\Hotel',
  27 => 'App\\Entity\\Image',
  28 => 'App\\Entity\\ImageImage',
  29 => 'App\\Entity\\Setting',
  30 => 'App\\Entity\\User',
  31 => 'Doctrine\\Bundle\\DoctrineBundle\\Controller\\ProfilerController',
  32 => 'Doctrine\\ORM\\Cache\\Persister\\Entity\\AbstractEntityPersister',
  33 => 'Doctrine\\ORM\\Cache\\Persister\\Entity\\CachedEntityPersister',
  34 => 'Doctrine\\ORM\\Cache\\Persister\\Entity\\NonStrictReadWriteCachedEntityPersister',
  35 => 'Doctrine\\ORM\\Cache\\Persister\\Entity\\ReadOnlyCachedEntityPersister',
  36 => 'Doctrine\\ORM\\Cache\\Persister\\Entity\\ReadWriteCachedEntityPersister',
  37 => 'Doctrine\\ORM\\Persisters\\Entity\\AbstractEntityInheritancePersister',
  38 => 'Doctrine\\ORM\\Persisters\\Entity\\BasicEntityPersister',
  39 => 'Doctrine\\ORM\\Persisters\\Entity\\CachedPersisterContext',
  40 => 'Doctrine\\ORM\\Persisters\\Entity\\EntityPersister',
  41 => 'Doctrine\\ORM\\Persisters\\Entity\\JoinedSubclassPersister',
  42 => 'Doctrine\\ORM\\Persisters\\Entity\\SingleTablePersister',
  43 => 'EasyCorp\\Bundle\\EasyAdminBundle\\Contracts\\Controller\\CrudControllerInterface',
  44 => 'EasyCorp\\Bundle\\EasyAdminBundle\\Contracts\\Controller\\DashboardControllerInterface',
  45 => 'EasyCorp\\Bundle\\EasyAdminBundle\\Controller\\AbstractCrudController',
  46 => 'EasyCorp\\Bundle\\EasyAdminBundle\\Controller\\AbstractDashboardController',
  47 => 'EasyCorp\\Bundle\\EasyAdminBundle\\Controller\\EasyAdminController',
  49 => 'Symfony\\Bundle\\FrameworkBundle\\Controller\\ControllerResolver',
  50 => 'Symfony\\Bundle\\FrameworkBundle\\Controller\\RedirectController',
  51 => 'Symfony\\Bundle\\FrameworkBundle\\Controller\\TemplateController',
  52 => 'Symfony\\Bundle\\WebProfilerBundle\\Controller\\ExceptionPanelController',
  53 => 'Symfony\\Bundle\\WebProfilerBundle\\Controller\\ProfilerController',
  54 => 'Symfony\\Bundle\\WebProfilerBundle\\Controller\\RouterController',
  55 => 'Symfony\\Component\\HttpKernel\\Controller\\ArgumentResolver',
  56 => 'Symfony\\Component\\HttpKernel\\Controller\\ArgumentResolverInterface',
  57 => 'Symfony\\Component\\HttpKernel\\Controller\\ArgumentResolver\\DefaultValueResolver',
  58 => 'Symfony\\Component\\HttpKernel\\Controller\\ArgumentResolver\\NotTaggedControllerValueResolver',
  59 => 'Symfony\\Component\\HttpKernel\\Controller\\ArgumentResolver\\RequestAttributeValueResolver',
  60 => 'Symfony\\Component\\HttpKernel\\Controller\\ArgumentResolver\\RequestValueResolver',
  61 => 'Symfony\\Component\\HttpKernel\\Controller\\ArgumentResolver\\ServiceValueResolver',
  62 => 'Symfony\\Component\\HttpKernel\\Controller\\ArgumentResolver\\SessionValueResolver',
  63 => 'Symfony\\Component\\HttpKernel\\Controller\\ArgumentResolver\\TraceableValueResolver',
  64 => 'Symfony\\Component\\HttpKernel\\Controller\\ArgumentResolver\\VariadicValueResolver',
  65 => 'Symfony\\Component\\HttpKernel\\Controller\\ArgumentValueResolverInterface',
  66 => 'Symfony\\Component\\HttpKernel\\Controller\\ContainerControllerResolver',
  67 => 'Symfony\\Component\\HttpKernel\\Controller\\ControllerReference',
  68 => 'Symfony\\Component\\HttpKernel\\Controller\\ControllerResolver',
  69 => 'Symfony\\Component\\HttpKernel\\Controller\\ControllerResolverInterface',
  70 => 'Symfony\\Component\\HttpKernel\\Controller\\ErrorController',
  71 => 'Symfony\\Component\\HttpKernel\\Controller\\TraceableArgumentResolver',
  72 => 'Symfony\\Component\\HttpKernel\\Controller\\TraceableControllerResolver',
  73 => 'Symfony\\Component\\Security\\Http\\Controller\\UserValueResolver',
);